// Jest Snapshot v1, https://goo.gl/fbAQLP

exports[`renders correctly 1`] = `
<div>
  <div
    style={
      Object {
        "padding": "20px",
      }
    }
  >
    <h1>
      Home
    </h1>
    <p>
      Note that Web3 is not loaded for this page.
    </p>
    <a
      href="/daap"
      onClick={[Function]}
    >
      My DAap
    </a>
    <a
      href="/accounts"
      onClick={[Function]}
      style={
        Object {
          "marginLeft": "20px",
        }
      }
    >
      My Accounts
    </a>
  </div>
</div>
`;
